  Determinando los proyectos que se van a restaurar...
  Todos los proyectos est├ín actualizados para la restauraci├│n.
C:\Program Files\dotnet\sdk\9.0.305\Microsoft.Common.CurrentVersion.targets(5394,5): warning MSB3026: No se pudo copiar "C:\Users\rodri\source\repos\ISII2526GrupoISoftwareKings\ISII2526SoftwareKings\src\AppForSEII2526.Web\obj\Debug\net8.0\apphost.exe" en "bin\Debug\net8.0\AppForSEII2526.Web.exe". Se iniciar├í el reintento 1 dentro de 1000ms. The process cannot access the file 'C:\Users\rodri\source\repos\ISII2526GrupoISoftwareKings\ISII2526SoftwareKings\src\AppForSEII2526.Web\bin\Debug\net8.0\AppForSEII2526.Web.exe' because it is being used by another process. El archivo se ha bloqueado por: "AppForSEII2526.Web (23496)" [C:\Users\rodri\source\repos\ISII2526GrupoISoftwareKings\ISII2526SoftwareKings\src\AppForSEII2526.Web\AppForSEII2526.Web.csproj]
C:\Program Files\dotnet\sdk\9.0.305\Microsoft.Common.CurrentVersion.targets(5394,5): warning MSB3026: No se pudo copiar "C:\Users\rodri\source\repos\ISII2526GrupoISoftwareKings\ISII2526SoftwareKings\src\AppForSEII2526.Web\obj\Debug\net8.0\apphost.exe" en "bin\Debug\net8.0\AppForSEII2526.Web.exe". Se iniciar├í el reintento 2 dentro de 1000ms. The process cannot access the file 'C:\Users\rodri\source\repos\ISII2526GrupoISoftwareKings\ISII2526SoftwareKings\src\AppForSEII2526.Web\bin\Debug\net8.0\AppForSEII2526.Web.exe' because it is being used by another process. El archivo se ha bloqueado por: "AppForSEII2526.Web (23496)" [C:\Users\rodri\source\repos\ISII2526GrupoISoftwareKings\ISII2526SoftwareKings\src\AppForSEII2526.Web\AppForSEII2526.Web.csproj]
C:\Program Files\dotnet\sdk\9.0.305\Microsoft.Common.CurrentVersion.targets(5394,5): warning MSB3026: No se pudo copiar "C:\Users\rodri\source\repos\ISII2526GrupoISoftwareKings\ISII2526SoftwareKings\src\AppForSEII2526.Web\obj\Debug\net8.0\apphost.exe" en "bin\Debug\net8.0\AppForSEII2526.Web.exe". Se iniciar├í el reintento 3 dentro de 1000ms. The process cannot access the file 'C:\Users\rodri\source\repos\ISII2526GrupoISoftwareKings\ISII2526SoftwareKings\src\AppForSEII2526.Web\bin\Debug\net8.0\AppForSEII2526.Web.exe' because it is being used by another process. El archivo se ha bloqueado por: "AppForSEII2526.Web (23496)" [C:\Users\rodri\source\repos\ISII2526GrupoISoftwareKings\ISII2526SoftwareKings\src\AppForSEII2526.Web\AppForSEII2526.Web.csproj]
C:\Program Files\dotnet\sdk\9.0.305\Microsoft.Common.CurrentVersion.targets(5394,5): warning MSB3026: No se pudo copiar "C:\Users\rodri\source\repos\ISII2526GrupoISoftwareKings\ISII2526SoftwareKings\src\AppForSEII2526.Web\obj\Debug\net8.0\apphost.exe" en "bin\Debug\net8.0\AppForSEII2526.Web.exe". Se iniciar├í el reintento 4 dentro de 1000ms. The process cannot access the file 'C:\Users\rodri\source\repos\ISII2526GrupoISoftwareKings\ISII2526SoftwareKings\src\AppForSEII2526.Web\bin\Debug\net8.0\AppForSEII2526.Web.exe' because it is being used by another process. El archivo se ha bloqueado por: "AppForSEII2526.Web (23496)" [C:\Users\rodri\source\repos\ISII2526GrupoISoftwareKings\ISII2526SoftwareKings\src\AppForSEII2526.Web\AppForSEII2526.Web.csproj]
C:\Program Files\dotnet\sdk\9.0.305\Microsoft.Common.CurrentVersion.targets(5394,5): warning MSB3026: No se pudo copiar "C:\Users\rodri\source\repos\ISII2526GrupoISoftwareKings\ISII2526SoftwareKings\src\AppForSEII2526.Web\obj\Debug\net8.0\apphost.exe" en "bin\Debug\net8.0\AppForSEII2526.Web.exe". Se iniciar├í el reintento 5 dentro de 1000ms. The process cannot access the file 'C:\Users\rodri\source\repos\ISII2526GrupoISoftwareKings\ISII2526SoftwareKings\src\AppForSEII2526.Web\bin\Debug\net8.0\AppForSEII2526.Web.exe' because it is being used by another process. El archivo se ha bloqueado por: "AppForSEII2526.Web (23496)" [C:\Users\rodri\source\repos\ISII2526GrupoISoftwareKings\ISII2526SoftwareKings\src\AppForSEII2526.Web\AppForSEII2526.Web.csproj]
C:\Program Files\dotnet\sdk\9.0.305\Microsoft.Common.CurrentVersion.targets(5394,5): warning MSB3026: No se pudo copiar "C:\Users\rodri\source\repos\ISII2526GrupoISoftwareKings\ISII2526SoftwareKings\src\AppForSEII2526.Web\obj\Debug\net8.0\apphost.exe" en "bin\Debug\net8.0\AppForSEII2526.Web.exe". Se iniciar├í el reintento 6 dentro de 1000ms. The process cannot access the file 'C:\Users\rodri\source\repos\ISII2526GrupoISoftwareKings\ISII2526SoftwareKings\src\AppForSEII2526.Web\bin\Debug\net8.0\AppForSEII2526.Web.exe' because it is being used by another process. El archivo se ha bloqueado por: "AppForSEII2526.Web (23496)" [C:\Users\rodri\source\repos\ISII2526GrupoISoftwareKings\ISII2526SoftwareKings\src\AppForSEII2526.Web\AppForSEII2526.Web.csproj]
C:\Program Files\dotnet\sdk\9.0.305\Microsoft.Common.CurrentVersion.targets(5394,5): warning MSB3026: No se pudo copiar "C:\Users\rodri\source\repos\ISII2526GrupoISoftwareKings\ISII2526SoftwareKings\src\AppForSEII2526.Web\obj\Debug\net8.0\apphost.exe" en "bin\Debug\net8.0\AppForSEII2526.Web.exe". Se iniciar├í el reintento 7 dentro de 1000ms. The process cannot access the file 'C:\Users\rodri\source\repos\ISII2526GrupoISoftwareKings\ISII2526SoftwareKings\src\AppForSEII2526.Web\bin\Debug\net8.0\AppForSEII2526.Web.exe' because it is being used by another process. El archivo se ha bloqueado por: "AppForSEII2526.Web (23496)" [C:\Users\rodri\source\repos\ISII2526GrupoISoftwareKings\ISII2526SoftwareKings\src\AppForSEII2526.Web\AppForSEII2526.Web.csproj]
C:\Program Files\dotnet\sdk\9.0.305\Microsoft.Common.CurrentVersion.targets(5394,5): warning MSB3026: No se pudo copiar "C:\Users\rodri\source\repos\ISII2526GrupoISoftwareKings\ISII2526SoftwareKings\src\AppForSEII2526.Web\obj\Debug\net8.0\apphost.exe" en "bin\Debug\net8.0\AppForSEII2526.Web.exe". Se iniciar├í el reintento 8 dentro de 1000ms. The process cannot access the file 'C:\Users\rodri\source\repos\ISII2526GrupoISoftwareKings\ISII2526SoftwareKings\src\AppForSEII2526.Web\bin\Debug\net8.0\AppForSEII2526.Web.exe' because it is being used by another process. El archivo se ha bloqueado por: "AppForSEII2526.Web (23496)" [C:\Users\rodri\source\repos\ISII2526GrupoISoftwareKings\ISII2526SoftwareKings\src\AppForSEII2526.Web\AppForSEII2526.Web.csproj]
C:\Program Files\dotnet\sdk\9.0.305\Microsoft.Common.CurrentVersion.targets(5394,5): warning MSB3026: No se pudo copiar "C:\Users\rodri\source\repos\ISII2526GrupoISoftwareKings\ISII2526SoftwareKings\src\AppForSEII2526.Web\obj\Debug\net8.0\apphost.exe" en "bin\Debug\net8.0\AppForSEII2526.Web.exe". Se iniciar├í el reintento 9 dentro de 1000ms. The process cannot access the file 'C:\Users\rodri\source\repos\ISII2526GrupoISoftwareKings\ISII2526SoftwareKings\src\AppForSEII2526.Web\bin\Debug\net8.0\AppForSEII2526.Web.exe' because it is being used by another process. El archivo se ha bloqueado por: "AppForSEII2526.Web (23496)" [C:\Users\rodri\source\repos\ISII2526GrupoISoftwareKings\ISII2526SoftwareKings\src\AppForSEII2526.Web\AppForSEII2526.Web.csproj]
C:\Program Files\dotnet\sdk\9.0.305\Microsoft.Common.CurrentVersion.targets(5394,5): warning MSB3026: No se pudo copiar "C:\Users\rodri\source\repos\ISII2526GrupoISoftwareKings\ISII2526SoftwareKings\src\AppForSEII2526.Web\obj\Debug\net8.0\apphost.exe" en "bin\Debug\net8.0\AppForSEII2526.Web.exe". Se iniciar├í el reintento 10 dentro de 1000ms. The process cannot access the file 'C:\Users\rodri\source\repos\ISII2526GrupoISoftwareKings\ISII2526SoftwareKings\src\AppForSEII2526.Web\bin\Debug\net8.0\AppForSEII2526.Web.exe' because it is being used by another process. El archivo se ha bloqueado por: "AppForSEII2526.Web (23496)" [C:\Users\rodri\source\repos\ISII2526GrupoISoftwareKings\ISII2526SoftwareKings\src\AppForSEII2526.Web\AppForSEII2526.Web.csproj]
C:\Program Files\dotnet\sdk\9.0.305\Microsoft.Common.CurrentVersion.targets(5394,5): error MSB3027: No se pudo copiar "C:\Users\rodri\source\repos\ISII2526GrupoISoftwareKings\ISII2526SoftwareKings\src\AppForSEII2526.Web\obj\Debug\net8.0\apphost.exe" en "bin\Debug\net8.0\AppForSEII2526.Web.exe". Se super├│ el n├║mero de 10 reintentos. Error. El archivo se ha bloqueado por: "AppForSEII2526.Web (23496)" [C:\Users\rodri\source\repos\ISII2526GrupoISoftwareKings\ISII2526SoftwareKings\src\AppForSEII2526.Web\AppForSEII2526.Web.csproj]
C:\Program Files\dotnet\sdk\9.0.305\Microsoft.Common.CurrentVersion.targets(5394,5): error MSB3021: No se puede copiar "C:\Users\rodri\source\repos\ISII2526GrupoISoftwareKings\ISII2526SoftwareKings\src\AppForSEII2526.Web\obj\Debug\net8.0\apphost.exe" en "bin\Debug\net8.0\AppForSEII2526.Web.exe". The process cannot access the file 'C:\Users\rodri\source\repos\ISII2526GrupoISoftwareKings\ISII2526SoftwareKings\src\AppForSEII2526.Web\bin\Debug\net8.0\AppForSEII2526.Web.exe' because it is being used by another process. [C:\Users\rodri\source\repos\ISII2526GrupoISoftwareKings\ISII2526SoftwareKings\src\AppForSEII2526.Web\AppForSEII2526.Web.csproj]

ERROR al compilar.

C:\Program Files\dotnet\sdk\9.0.305\Microsoft.Common.CurrentVersion.targets(5394,5): warning MSB3026: No se pudo copiar "C:\Users\rodri\source\repos\ISII2526GrupoISoftwareKings\ISII2526SoftwareKings\src\AppForSEII2526.Web\obj\Debug\net8.0\apphost.exe" en "bin\Debug\net8.0\AppForSEII2526.Web.exe". Se iniciar├í el reintento 1 dentro de 1000ms. The process cannot access the file 'C:\Users\rodri\source\repos\ISII2526GrupoISoftwareKings\ISII2526SoftwareKings\src\AppForSEII2526.Web\bin\Debug\net8.0\AppForSEII2526.Web.exe' because it is being used by another process. El archivo se ha bloqueado por: "AppForSEII2526.Web (23496)" [C:\Users\rodri\source\repos\ISII2526GrupoISoftwareKings\ISII2526SoftwareKings\src\AppForSEII2526.Web\AppForSEII2526.Web.csproj]
C:\Program Files\dotnet\sdk\9.0.305\Microsoft.Common.CurrentVersion.targets(5394,5): warning MSB3026: No se pudo copiar "C:\Users\rodri\source\repos\ISII2526GrupoISoftwareKings\ISII2526SoftwareKings\src\AppForSEII2526.Web\obj\Debug\net8.0\apphost.exe" en "bin\Debug\net8.0\AppForSEII2526.Web.exe". Se iniciar├í el reintento 2 dentro de 1000ms. The process cannot access the file 'C:\Users\rodri\source\repos\ISII2526GrupoISoftwareKings\ISII2526SoftwareKings\src\AppForSEII2526.Web\bin\Debug\net8.0\AppForSEII2526.Web.exe' because it is being used by another process. El archivo se ha bloqueado por: "AppForSEII2526.Web (23496)" [C:\Users\rodri\source\repos\ISII2526GrupoISoftwareKings\ISII2526SoftwareKings\src\AppForSEII2526.Web\AppForSEII2526.Web.csproj]
C:\Program Files\dotnet\sdk\9.0.305\Microsoft.Common.CurrentVersion.targets(5394,5): warning MSB3026: No se pudo copiar "C:\Users\rodri\source\repos\ISII2526GrupoISoftwareKings\ISII2526SoftwareKings\src\AppForSEII2526.Web\obj\Debug\net8.0\apphost.exe" en "bin\Debug\net8.0\AppForSEII2526.Web.exe". Se iniciar├í el reintento 3 dentro de 1000ms. The process cannot access the file 'C:\Users\rodri\source\repos\ISII2526GrupoISoftwareKings\ISII2526SoftwareKings\src\AppForSEII2526.Web\bin\Debug\net8.0\AppForSEII2526.Web.exe' because it is being used by another process. El archivo se ha bloqueado por: "AppForSEII2526.Web (23496)" [C:\Users\rodri\source\repos\ISII2526GrupoISoftwareKings\ISII2526SoftwareKings\src\AppForSEII2526.Web\AppForSEII2526.Web.csproj]
C:\Program Files\dotnet\sdk\9.0.305\Microsoft.Common.CurrentVersion.targets(5394,5): warning MSB3026: No se pudo copiar "C:\Users\rodri\source\repos\ISII2526GrupoISoftwareKings\ISII2526SoftwareKings\src\AppForSEII2526.Web\obj\Debug\net8.0\apphost.exe" en "bin\Debug\net8.0\AppForSEII2526.Web.exe". Se iniciar├í el reintento 4 dentro de 1000ms. The process cannot access the file 'C:\Users\rodri\source\repos\ISII2526GrupoISoftwareKings\ISII2526SoftwareKings\src\AppForSEII2526.Web\bin\Debug\net8.0\AppForSEII2526.Web.exe' because it is being used by another process. El archivo se ha bloqueado por: "AppForSEII2526.Web (23496)" [C:\Users\rodri\source\repos\ISII2526GrupoISoftwareKings\ISII2526SoftwareKings\src\AppForSEII2526.Web\AppForSEII2526.Web.csproj]
C:\Program Files\dotnet\sdk\9.0.305\Microsoft.Common.CurrentVersion.targets(5394,5): warning MSB3026: No se pudo copiar "C:\Users\rodri\source\repos\ISII2526GrupoISoftwareKings\ISII2526SoftwareKings\src\AppForSEII2526.Web\obj\Debug\net8.0\apphost.exe" en "bin\Debug\net8.0\AppForSEII2526.Web.exe". Se iniciar├í el reintento 5 dentro de 1000ms. The process cannot access the file 'C:\Users\rodri\source\repos\ISII2526GrupoISoftwareKings\ISII2526SoftwareKings\src\AppForSEII2526.Web\bin\Debug\net8.0\AppForSEII2526.Web.exe' because it is being used by another process. El archivo se ha bloqueado por: "AppForSEII2526.Web (23496)" [C:\Users\rodri\source\repos\ISII2526GrupoISoftwareKings\ISII2526SoftwareKings\src\AppForSEII2526.Web\AppForSEII2526.Web.csproj]
C:\Program Files\dotnet\sdk\9.0.305\Microsoft.Common.CurrentVersion.targets(5394,5): warning MSB3026: No se pudo copiar "C:\Users\rodri\source\repos\ISII2526GrupoISoftwareKings\ISII2526SoftwareKings\src\AppForSEII2526.Web\obj\Debug\net8.0\apphost.exe" en "bin\Debug\net8.0\AppForSEII2526.Web.exe". Se iniciar├í el reintento 6 dentro de 1000ms. The process cannot access the file 'C:\Users\rodri\source\repos\ISII2526GrupoISoftwareKings\ISII2526SoftwareKings\src\AppForSEII2526.Web\bin\Debug\net8.0\AppForSEII2526.Web.exe' because it is being used by another process. El archivo se ha bloqueado por: "AppForSEII2526.Web (23496)" [C:\Users\rodri\source\repos\ISII2526GrupoISoftwareKings\ISII2526SoftwareKings\src\AppForSEII2526.Web\AppForSEII2526.Web.csproj]
C:\Program Files\dotnet\sdk\9.0.305\Microsoft.Common.CurrentVersion.targets(5394,5): warning MSB3026: No se pudo copiar "C:\Users\rodri\source\repos\ISII2526GrupoISoftwareKings\ISII2526SoftwareKings\src\AppForSEII2526.Web\obj\Debug\net8.0\apphost.exe" en "bin\Debug\net8.0\AppForSEII2526.Web.exe". Se iniciar├í el reintento 7 dentro de 1000ms. The process cannot access the file 'C:\Users\rodri\source\repos\ISII2526GrupoISoftwareKings\ISII2526SoftwareKings\src\AppForSEII2526.Web\bin\Debug\net8.0\AppForSEII2526.Web.exe' because it is being used by another process. El archivo se ha bloqueado por: "AppForSEII2526.Web (23496)" [C:\Users\rodri\source\repos\ISII2526GrupoISoftwareKings\ISII2526SoftwareKings\src\AppForSEII2526.Web\AppForSEII2526.Web.csproj]
C:\Program Files\dotnet\sdk\9.0.305\Microsoft.Common.CurrentVersion.targets(5394,5): warning MSB3026: No se pudo copiar "C:\Users\rodri\source\repos\ISII2526GrupoISoftwareKings\ISII2526SoftwareKings\src\AppForSEII2526.Web\obj\Debug\net8.0\apphost.exe" en "bin\Debug\net8.0\AppForSEII2526.Web.exe". Se iniciar├í el reintento 8 dentro de 1000ms. The process cannot access the file 'C:\Users\rodri\source\repos\ISII2526GrupoISoftwareKings\ISII2526SoftwareKings\src\AppForSEII2526.Web\bin\Debug\net8.0\AppForSEII2526.Web.exe' because it is being used by another process. El archivo se ha bloqueado por: "AppForSEII2526.Web (23496)" [C:\Users\rodri\source\repos\ISII2526GrupoISoftwareKings\ISII2526SoftwareKings\src\AppForSEII2526.Web\AppForSEII2526.Web.csproj]
C:\Program Files\dotnet\sdk\9.0.305\Microsoft.Common.CurrentVersion.targets(5394,5): warning MSB3026: No se pudo copiar "C:\Users\rodri\source\repos\ISII2526GrupoISoftwareKings\ISII2526SoftwareKings\src\AppForSEII2526.Web\obj\Debug\net8.0\apphost.exe" en "bin\Debug\net8.0\AppForSEII2526.Web.exe". Se iniciar├í el reintento 9 dentro de 1000ms. The process cannot access the file 'C:\Users\rodri\source\repos\ISII2526GrupoISoftwareKings\ISII2526SoftwareKings\src\AppForSEII2526.Web\bin\Debug\net8.0\AppForSEII2526.Web.exe' because it is being used by another process. El archivo se ha bloqueado por: "AppForSEII2526.Web (23496)" [C:\Users\rodri\source\repos\ISII2526GrupoISoftwareKings\ISII2526SoftwareKings\src\AppForSEII2526.Web\AppForSEII2526.Web.csproj]
C:\Program Files\dotnet\sdk\9.0.305\Microsoft.Common.CurrentVersion.targets(5394,5): warning MSB3026: No se pudo copiar "C:\Users\rodri\source\repos\ISII2526GrupoISoftwareKings\ISII2526SoftwareKings\src\AppForSEII2526.Web\obj\Debug\net8.0\apphost.exe" en "bin\Debug\net8.0\AppForSEII2526.Web.exe". Se iniciar├í el reintento 10 dentro de 1000ms. The process cannot access the file 'C:\Users\rodri\source\repos\ISII2526GrupoISoftwareKings\ISII2526SoftwareKings\src\AppForSEII2526.Web\bin\Debug\net8.0\AppForSEII2526.Web.exe' because it is being used by another process. El archivo se ha bloqueado por: "AppForSEII2526.Web (23496)" [C:\Users\rodri\source\repos\ISII2526GrupoISoftwareKings\ISII2526SoftwareKings\src\AppForSEII2526.Web\AppForSEII2526.Web.csproj]
C:\Program Files\dotnet\sdk\9.0.305\Microsoft.Common.CurrentVersion.targets(5394,5): error MSB3027: No se pudo copiar "C:\Users\rodri\source\repos\ISII2526GrupoISoftwareKings\ISII2526SoftwareKings\src\AppForSEII2526.Web\obj\Debug\net8.0\apphost.exe" en "bin\Debug\net8.0\AppForSEII2526.Web.exe". Se super├│ el n├║mero de 10 reintentos. Error. El archivo se ha bloqueado por: "AppForSEII2526.Web (23496)" [C:\Users\rodri\source\repos\ISII2526GrupoISoftwareKings\ISII2526SoftwareKings\src\AppForSEII2526.Web\AppForSEII2526.Web.csproj]
C:\Program Files\dotnet\sdk\9.0.305\Microsoft.Common.CurrentVersion.targets(5394,5): error MSB3021: No se puede copiar "C:\Users\rodri\source\repos\ISII2526GrupoISoftwareKings\ISII2526SoftwareKings\src\AppForSEII2526.Web\obj\Debug\net8.0\apphost.exe" en "bin\Debug\net8.0\AppForSEII2526.Web.exe". The process cannot access the file 'C:\Users\rodri\source\repos\ISII2526GrupoISoftwareKings\ISII2526SoftwareKings\src\AppForSEII2526.Web\bin\Debug\net8.0\AppForSEII2526.Web.exe' because it is being used by another process. [C:\Users\rodri\source\repos\ISII2526GrupoISoftwareKings\ISII2526SoftwareKings\src\AppForSEII2526.Web\AppForSEII2526.Web.csproj]
    10 Advertencia(s)
    2 Errores

Tiempo transcurrido 00:00:14.38

Hay actualizaciones de carga de trabajo disponibles. Ejecute "dotnet workload list" para obtener m├ís informaci├│n.
